******************************************************************************
                  TI ARM Linker PC v18.1.1                     
******************************************************************************
>> Linked Sun Oct 28 17:41:29 2018

OUTPUT FILE NAME:   <lab12.out>
ENTRY POINT SYMBOL: "_c_int00_noargs"  address: 00002719


MEMORY CONFIGURATION

         name            origin    length      used     unused   attr    fill
----------------------  --------  ---------  --------  --------  ----  --------
  FLASH                 00000000   00040000  00002c94  0003d36c  R  X
  SRAM                  20000000   00008000  00000604  000079fc  RW X


SEGMENT ALLOCATION MAP

run origin  load origin   length   init length attrs members
----------  ----------- ---------- ----------- ----- -------
00000000    00000000    00002c98   00002c98    r-x
  00000000    00000000    0000026c   0000026c    r-- .intvecs
  0000026c    0000026c    00002788   00002788    r-x .text
  000029f4    000029f4    00000270   00000270    r-- .const
  00002c68    00002c68    00000030   00000030    r-- .cinit
20000000    20000000    00000604   00000000    rw-
  20000000    20000000    000005e0   00000000    rw- .stack
  200005e0    200005e0    00000020   00000000    rw- .bss
  20000600    20000600    00000004   00000000    rw- .data


SECTION ALLOCATION MAP

 output                                  attributes/
section   page    origin      length       input sections
--------  ----  ----------  ----------   ----------------
.intvecs   0    00000000    0000026c     
                  00000000    0000026c     tm4c123gh6pm_startup_ccstask02.obj (.intvecs)

.text      0    0000026c    00002788     
                  0000026c    00000a5e     rtsv7M4_T_le_v4SPD16_eabi.lib : _printfi.c.obj (.text:__TI_printfi)
                  00000cca    00000002                                   : div0.asm.obj (.text)
                  00000ccc    000002c4     task02.obj (.text)
                  00000f90    00000270     rtsv7M4_T_le_v4SPD16_eabi.lib : _printfi.c.obj (.text:_pconv_a)
                  00001200    000001d0                                   : _printfi.c.obj (.text:_pconv_g)
                  000013d0    000001b6                                   : fd_add_t2.asm.obj (.text)
                  00001586    00000002     --HOLE-- [fill = 0]
                  00001588    0000013c                                   : _printfi.c.obj (.text:_pconv_e)
                  000016c4    00000136                                   : fd_div_t2.asm.obj (.text)
                  000017fa    00000132     driverlib.lib : gpio.obj (.text:GPIOPadConfigSet)
                  0000192c    00000120     rtsv7M4_T_le_v4SPD16_eabi.lib : _printfi.c.obj (.text:fcvt)
                  00001a4c    00000110     driverlib.lib : sysctl.obj (.text:SysCtlClockGet)
                  00001b5c    00000110     rtsv7M4_T_le_v4SPD16_eabi.lib : s_scalbn.c.obj (.text:scalbn)
                  00001c6c    000000fc                                   : fd_mul_t2.asm.obj (.text)
                  00001d68    000000f4     driverlib.lib : sysctl.obj (.text:SysCtlClockSet)
                  00001e5c    000000b1     rtsv7M4_T_le_v4SPD16_eabi.lib : _printfi.c.obj (.text:_ltostr)
                  00001f0d    00000001     --HOLE-- [fill = 0]
                  00001f0e    0000009c                                   : memcpy_t2.asm.obj (.text)
                  00001faa    00000096                                   : ull_div_t2.asm.obj (.text)
                  00002040    00000086                                   : fd_cmp_t2.asm.obj (.text:__aeabi_cdcmple)
                  000020c6    00000086                                   : fd_cmp_t2.asm.obj (.text:__aeabi_cdrcmple)
                  0000214c    0000007a     driverlib.lib : adc.obj (.text:ADCSequenceStepConfigure)
                  000021c6    0000007a     rtsv7M4_T_le_v4SPD16_eabi.lib : memset_t2.asm.obj (.text)
                  00002240    0000006e                                   : _printfi.c.obj (.text:_mcpy)
                  000022ae    00000002     --HOLE-- [fill = 0]
                  000022b0    00000068     driverlib.lib : interrupt.obj (.text:IntEnable)
                  00002318    00000068     rtsv7M4_T_le_v4SPD16_eabi.lib : copy_decompress_lzss.c.obj (.text:decompress:lzss:__TI_decompress_lzss)
                  00002380    00000064                                   : s_frexp.c.obj (.text:frexp)
                  000023e4    00000056                                   : _printfi.c.obj (.text:_pconv_f)
                  0000243a    00000054                                   : ltoa.c.obj (.text:ltoa)
                  0000248e    00000052                                   : _printfi.c.obj (.text:_ecpy)
                  000024e0    00000050     driverlib.lib : adc.obj (.text:ADCSequenceConfigure)
                  00002530    0000004c     rtsv7M4_T_le_v4SPD16_eabi.lib : atoi.c.obj (.text:atoi)
                  0000257c    00000048     driverlib.lib : gpio.obj (.text:GPIOPinConfigure)
                  000025c4    00000048     rtsv7M4_T_le_v4SPD16_eabi.lib : fd_toi_t2.asm.obj (.text)
                  0000260c    00000046     driverlib.lib : uart.obj (.text:UARTConfigSetExpClk)
                  00002652    00000002     --HOLE-- [fill = 0]
                  00002654    00000044     rtsv7M4_T_le_v4SPD16_eabi.lib : autoinit.c.obj (.text:__TI_auto_init_nobinit_nopinit:__TI_auto_init_nobinit_nopinit)
                  00002698    00000040                                   : sprintf.c.obj (.text:sprintf)
                  000026d8    0000003e                                   : _printfi.c.obj (.text:_fcpy)
                  00002716    00000002     --HOLE-- [fill = 0]
                  00002718    00000038                                   : boot_cortex_m.c.obj (.text:_c_int00_noargs:_c_int00_noargs)
                  00002750    00000034     driverlib.lib : sysctl.obj (.text:SysCtlPeripheralEnable)
                  00002784    0000002e                   : adc.obj (.text:ADCIntStatus)
                  000027b2    0000002e     rtsv7M4_T_le_v4SPD16_eabi.lib : i_tofd_t2.asm.obj (.text)
                  000027e0    0000002a     driverlib.lib : gpio.obj (.text:GPIODirModeSet)
                  0000280a    00000002     --HOLE-- [fill = 0]
                  0000280c    00000020                   : uart.obj (.text:UARTDisable)
                  0000282c    0000001e                   : adc.obj (.text:ADCSequenceDataGet)
                  0000284a    0000001c     rtsv7M4_T_le_v4SPD16_eabi.lib : memccpy.c.obj (.text:memccpy)
                  00002866    00000018     driverlib.lib : adc.obj (.text:ADCProcessorTrigger)
                  0000287e    00000018                   : gpio.obj (.text:GPIOPinTypeGPIOOutput)
                  00002896    00000018     rtsv7M4_T_le_v4SPD16_eabi.lib : sprintf.c.obj (.text:_outs)
                  000028ae    00000016                                   : strchr.c.obj (.text:strchr)
                  000028c4    00000014     driverlib.lib : uart.obj (.text:UARTEnable)
                  000028d8    00000014     rtsv7M4_T_le_v4SPD16_eabi.lib : s_copysign.c.obj (.text:copysign)
                  000028ec    00000014                                   : strlen.c.obj (.text:strlen)
                  00002900    00000012     driverlib.lib : gpio.obj (.text:GPIOPinTypeUART)
                  00002912    00000012     rtsv7M4_T_le_v4SPD16_eabi.lib : copy_zero_init.c.obj (.text:decompress:ZI:__TI_zero_init_nomemset:__TI_zero_init_nomemset)
                  00002924    00000012                                   : wcslen.c.obj (.text:wcslen)
                  00002936    00000010     driverlib.lib : interrupt.obj (.text:IntMasterEnable)
                  00002946    0000000e                   : adc.obj (.text:ADCHardwareOversampleConfigure)
                  00002954    0000000e                   : adc.obj (.text:ADCSequenceEnable)
                  00002962    0000000e                   : uart.obj (.text:UARTCharGetNonBlocking)
                  00002970    0000000e                   : uart.obj (.text:UARTCharsAvail)
                  0000297e    0000000e     rtsv7M4_T_le_v4SPD16_eabi.lib : copy_decompress_none.c.obj (.text:decompress:none:__TI_decompress_none)
                  0000298c    0000000c     driverlib.lib : cpu.obj (.text:CPUcpsie)
                  00002998    0000000c     tm4c123gh6pm_startup_ccstask02.obj (.text)
                  000029a4    0000000a     driverlib.lib : adc.obj (.text:ADCIntClear)
                  000029ae    0000000a                   : uart.obj (.text:UARTCharPut)
                  000029b8    0000000a                   : uart.obj (.text:UARTIntStatus)
                  000029c2    0000000a     rtsv7M4_T_le_v4SPD16_eabi.lib : sprintf.c.obj (.text:_outc)
                  000029cc    00000008     driverlib.lib : uart.obj (.text:UARTIntEnable)
                  000029d4    00000008     rtsv7M4_T_le_v4SPD16_eabi.lib : errno.c.obj (.text:__aeabi_errno_addr)
                  000029dc    00000006     driverlib.lib : gpio.obj (.text:GPIOPinWrite)
                  000029e2    00000006                   : sysctl.obj (.text:SysCtlDelay)
                  000029e8    00000004                   : uart.obj (.text:UARTIntClear)
                  000029ec    00000004     rtsv7M4_T_le_v4SPD16_eabi.lib : pre_init.c.obj (.text:_system_pre_init)
                  000029f0    00000004                                   : exit.c.obj (.text:abort:abort)

.const     0    000029f4    00000270     
                  000029f4    00000101     rtsv7M4_T_le_v4SPD16_eabi.lib : ctype.c.obj (.const:.string:_ctypes_)
                  00002af5    00000003     --HOLE-- [fill = 0]
                  00002af8    00000090     driverlib.lib : gpio.obj (.const:g_pui32GPIOBaseAddrs)
                  00002b88    00000070                   : interrupt.obj (.const)
                  00002bf8    0000006c                   : sysctl.obj (.const:g_pui32Xtals)

.cinit     0    00002c68    00000030     
                  00002c68    0000000c     (__TI_handler_table)
                  00002c74    00000004     --HOLE-- [fill = 0]
                  00002c78    00000008     (.cinit..bss.load) [load image, compression = zero_init]
                  00002c80    00000007     (.cinit..data.load) [load image, compression = lzss]
                  00002c87    00000001     --HOLE-- [fill = 0]
                  00002c88    00000010     (__TI_cinit_table)

.init_array 
*          0    00000000    00000000     UNINITIALIZED

.bss       0    200005e0    00000020     UNINITIALIZED
                  200005e0    00000010     (.common:ui32ADC0Value)
                  200005f0    00000004     (.common:temp)
                  200005f4    00000004     (.common:ui32TempAvg)
                  200005f8    00000004     (.common:ui32TempValueC)
                  200005fc    00000004     (.common:ui32TempValueF)

.data      0    20000600    00000004     UNINITIALIZED
                  20000600    00000004     rtsv7M4_T_le_v4SPD16_eabi.lib : errno.c.obj (.data)

.stack     0    20000000    000005e0     UNINITIALIZED
                  20000000    00000004     rtsv7M4_T_le_v4SPD16_eabi.lib : boot_cortex_m.c.obj (.stack)
                  20000004    000005dc     --HOLE--

MODULE SUMMARY

       Module                               code    ro data   rw data
       ------                               ----    -------   -------
    .\
       task02.obj                           708     0         32     
       tm4c123gh6pm_startup_ccstask02.obj   12      620       0      
    +--+------------------------------------+-------+---------+---------+
       Total:                               720     620       32     
                                                                     
    C:/ti/tivaware_c_series_2_1_4_178/driverlib/ccs/Debug/driverlib.lib
       sysctl.obj                           574     108       0      
       gpio.obj                             468     144       0      
       adc.obj                              340     0         0      
       interrupt.obj                        120     112       0      
       uart.obj                             182     0         0      
       cpu.obj                              12      0         0      
    +--+------------------------------------+-------+---------+---------+
       Total:                               1696    364       0      
                                                                     
    C:\ti\ccsv8\tools\compiler\ti-cgt-arm_18.1.1.LTS\lib\rtsv7M4_T_le_v4SPD16_eabi.lib
       _printfi.c.obj                       4863    0         0      
       fd_add_t2.asm.obj                    438     0         0      
       fd_div_t2.asm.obj                    310     0         0      
       s_scalbn.c.obj                       272     0         0      
       fd_cmp_t2.asm.obj                    268     0         0      
       ctype.c.obj                          0       257       0      
       fd_mul_t2.asm.obj                    252     0         0      
       memcpy_t2.asm.obj                    156     0         0      
       ull_div_t2.asm.obj                   150     0         0      
       memset_t2.asm.obj                    122     0         0      
       copy_decompress_lzss.c.obj           104     0         0      
       s_frexp.c.obj                        100     0         0      
       sprintf.c.obj                        98      0         0      
       ltoa.c.obj                           84      0         0      
       atoi.c.obj                           76      0         0      
       fd_toi_t2.asm.obj                    72      0         0      
       autoinit.c.obj                       68      0         0      
       boot_cortex_m.c.obj                  56      0         0      
       i_tofd_t2.asm.obj                    46      0         0      
       memccpy.c.obj                        28      0         0      
       strchr.c.obj                         22      0         0      
       s_copysign.c.obj                     20      0         0      
       strlen.c.obj                         20      0         0      
       copy_zero_init.c.obj                 18      0         0      
       wcslen.c.obj                         18      0         0      
       copy_decompress_none.c.obj           14      0         0      
       errno.c.obj                          8       0         4      
       exit.c.obj                           4       0         0      
       pre_init.c.obj                       4       0         0      
       div0.asm.obj                         2       0         0      
    +--+------------------------------------+-------+---------+---------+
       Total:                               7693    257       4      
                                                                     
       Stack:                               0       0         1504   
       Linker Generated:                    0       43        0      
    +--+------------------------------------+-------+---------+---------+
       Grand Total:                         10109   1284      1540   


LINKER GENERATED COPY TABLES

__TI_cinit_table @ 00002c88 records: 2, size/record: 8, table size: 16
	.bss: load addr=00002c78, load size=00000008 bytes, run addr=200005e0, run size=00000020 bytes, compression=zero_init
	.data: load addr=00002c80, load size=00000007 bytes, run addr=20000600, run size=00000004 bytes, compression=lzss


LINKER GENERATED HANDLER TABLE

__TI_handler_table @ 00002c68 records: 3, size/record: 4, table size: 12
	index: 0, handler: __TI_decompress_lzss
	index: 1, handler: __TI_decompress_none
	index: 2, handler: __TI_zero_init


GLOBAL SYMBOLS: SORTED ALPHABETICALLY BY Name 

address   name                          
-------   ----                          
00002947  ADCHardwareOversampleConfigure
000029a5  ADCIntClear                   
00002785  ADCIntStatus                  
00002867  ADCProcessorTrigger           
000024e1  ADCSequenceConfigure          
0000282d  ADCSequenceDataGet            
00002955  ADCSequenceEnable             
0000214d  ADCSequenceStepConfigure      
000029f1  C$$EXIT                       
0000298d  CPUcpsie                      
000027e1  GPIODirModeSet                
000017fb  GPIOPadConfigSet              
0000257d  GPIOPinConfigure              
0000287f  GPIOPinTypeGPIOOutput         
00002901  GPIOPinTypeUART               
000029dd  GPIOPinWrite                  
000022b1  IntEnable                     
00002937  IntMasterEnable               
00002999  ResetISR                      
00001a4d  SysCtlClockGet                
00001d69  SysCtlClockSet                
000029e3  SysCtlDelay                   
00002751  SysCtlPeripheralEnable        
00002963  UARTCharGetNonBlocking        
000029af  UARTCharPut                   
00002971  UARTCharsAvail                
0000260d  UARTConfigSetExpClk           
0000280d  UARTDisable                   
000028c5  UARTEnable                    
000029e9  UARTIntClear                  
000029cd  UARTIntEnable                 
00000d85  UARTIntHandler                
000029b9  UARTIntStatus                 
200005e0  __STACK_END                   
000005e0  __STACK_SIZE                  
20000200  __STACK_TOP                   
00002c88  __TI_CINIT_Base               
00002c98  __TI_CINIT_Limit              
00002c68  __TI_Handler_Table_Base       
00002c74  __TI_Handler_Table_Limit      
00002655  __TI_auto_init_nobinit_nopinit
00002319  __TI_decompress_lzss          
0000297f  __TI_decompress_none          
ffffffff  __TI_pprof_out_hndl           
0000026d  __TI_printfi                  
ffffffff  __TI_prof_data_size           
ffffffff  __TI_prof_data_start          
00000000  __TI_static_base__            
00002913  __TI_zero_init_nomemset       
00002041  __aeabi_cdcmpeq               
00002041  __aeabi_cdcmple               
000020c7  __aeabi_cdrcmple              
000025c5  __aeabi_d2iz                  
000013db  __aeabi_dadd                  
000016c5  __aeabi_ddiv                  
00001c6d  __aeabi_dmul                  
000013d1  __aeabi_dsub                  
000029d5  __aeabi_errno_addr            
000027b3  __aeabi_i2d                   
00000ccb  __aeabi_idiv0                 
00000ccb  __aeabi_ldiv0                 
000021c7  __aeabi_memclr                
000021c7  __aeabi_memclr4               
000021c7  __aeabi_memclr8               
00001f0f  __aeabi_memcpy                
00001f0f  __aeabi_memcpy4               
00001f0f  __aeabi_memcpy8               
000021c9  __aeabi_memset                
000021c9  __aeabi_memset4               
000021c9  __aeabi_memset8               
00001fab  __aeabi_uldivmod              
ffffffff  __binit__                     
ffffffff  __c_args__                    
UNDEFED   __mpu_init                    
20000000  __stack                       
00002719  _c_int00_noargs               
000029f4  _ctypes_                      
UNDEFED   _system_post_cinit            
000029ed  _system_pre_init              
000029f1  abort                         
00000ccd  adcConvert                    
00002531  atoi                          
ffffffff  binit                         
000028d9  copysign                      
000028d9  copysignl                     
20000600  errno                         
00002381  frexp                         
00002381  frexpl                        
00000000  g_pfnVectors                  
00001b5d  ldexp                         
00001b5d  ldexpl                        
0000243b  ltoa                          
00000e29  main                          
0000284b  memccpy                       
00001f0f  memcpy                        
000021cf  memset                        
00001b5d  scalbn                        
00001b5d  scalbnl                       
00002699  sprintf                       
000028af  strchr                        
000028ed  strlen                        
200005f0  temp                          
200005e0  ui32ADC0Value                 
200005f4  ui32TempAvg                   
200005f8  ui32TempValueC                
200005fc  ui32TempValueF                
00002925  wcslen                        


GLOBAL SYMBOLS: SORTED BY Symbol Address 

address   name                          
-------   ----                          
00000000  __TI_static_base__            
00000000  g_pfnVectors                  
0000026d  __TI_printfi                  
000005e0  __STACK_SIZE                  
00000ccb  __aeabi_idiv0                 
00000ccb  __aeabi_ldiv0                 
00000ccd  adcConvert                    
00000d85  UARTIntHandler                
00000e29  main                          
000013d1  __aeabi_dsub                  
000013db  __aeabi_dadd                  
000016c5  __aeabi_ddiv                  
000017fb  GPIOPadConfigSet              
00001a4d  SysCtlClockGet                
00001b5d  ldexp                         
00001b5d  ldexpl                        
00001b5d  scalbn                        
00001b5d  scalbnl                       
00001c6d  __aeabi_dmul                  
00001d69  SysCtlClockSet                
00001f0f  __aeabi_memcpy                
00001f0f  __aeabi_memcpy4               
00001f0f  __aeabi_memcpy8               
00001f0f  memcpy                        
00001fab  __aeabi_uldivmod              
00002041  __aeabi_cdcmpeq               
00002041  __aeabi_cdcmple               
000020c7  __aeabi_cdrcmple              
0000214d  ADCSequenceStepConfigure      
000021c7  __aeabi_memclr                
000021c7  __aeabi_memclr4               
000021c7  __aeabi_memclr8               
000021c9  __aeabi_memset                
000021c9  __aeabi_memset4               
000021c9  __aeabi_memset8               
000021cf  memset                        
000022b1  IntEnable                     
00002319  __TI_decompress_lzss          
00002381  frexp                         
00002381  frexpl                        
0000243b  ltoa                          
000024e1  ADCSequenceConfigure          
00002531  atoi                          
0000257d  GPIOPinConfigure              
000025c5  __aeabi_d2iz                  
0000260d  UARTConfigSetExpClk           
00002655  __TI_auto_init_nobinit_nopinit
00002699  sprintf                       
00002719  _c_int00_noargs               
00002751  SysCtlPeripheralEnable        
00002785  ADCIntStatus                  
000027b3  __aeabi_i2d                   
000027e1  GPIODirModeSet                
0000280d  UARTDisable                   
0000282d  ADCSequenceDataGet            
0000284b  memccpy                       
00002867  ADCProcessorTrigger           
0000287f  GPIOPinTypeGPIOOutput         
000028af  strchr                        
000028c5  UARTEnable                    
000028d9  copysign                      
000028d9  copysignl                     
000028ed  strlen                        
00002901  GPIOPinTypeUART               
00002913  __TI_zero_init_nomemset       
00002925  wcslen                        
00002937  IntMasterEnable               
00002947  ADCHardwareOversampleConfigure
00002955  ADCSequenceEnable             
00002963  UARTCharGetNonBlocking        
00002971  UARTCharsAvail                
0000297f  __TI_decompress_none          
0000298d  CPUcpsie                      
00002999  ResetISR                      
000029a5  ADCIntClear                   
000029af  UARTCharPut                   
000029b9  UARTIntStatus                 
000029cd  UARTIntEnable                 
000029d5  __aeabi_errno_addr            
000029dd  GPIOPinWrite                  
000029e3  SysCtlDelay                   
000029e9  UARTIntClear                  
000029ed  _system_pre_init              
000029f1  C$$EXIT                       
000029f1  abort                         
000029f4  _ctypes_                      
00002c68  __TI_Handler_Table_Base       
00002c74  __TI_Handler_Table_Limit      
00002c88  __TI_CINIT_Base               
00002c98  __TI_CINIT_Limit              
20000000  __stack                       
20000200  __STACK_TOP                   
200005e0  __STACK_END                   
200005e0  ui32ADC0Value                 
200005f0  temp                          
200005f4  ui32TempAvg                   
200005f8  ui32TempValueC                
200005fc  ui32TempValueF                
20000600  errno                         
ffffffff  __TI_pprof_out_hndl           
ffffffff  __TI_prof_data_size           
ffffffff  __TI_prof_data_start          
ffffffff  __binit__                     
ffffffff  __c_args__                    
ffffffff  binit                         
UNDEFED   __mpu_init                    
UNDEFED   _system_post_cinit            

[107 symbols]
