******************************************************************************
                  TI ARM Linker PC v18.1.1                     
******************************************************************************
>> Linked Sun Oct 14 15:12:12 2018

OUTPUT FILE NAME:   <lab5.out>
ENTRY POINT SYMBOL: "_c_int00_noargs"  address: 00000909


MEMORY CONFIGURATION

         name            origin    length      used     unused   attr    fill
----------------------  --------  ---------  --------  --------  ----  --------
  FLASH                 00000000   00040000  00000baa  0003f456  R  X
  SRAM                  20000000   00008000  00000084  00007f7c  RW X


SEGMENT ALLOCATION MAP

run origin  load origin   length   init length attrs members
----------  ----------- ---------- ----------- ----- -------
00000000    00000000    00000bac   00000bac    r-x
  00000000    00000000    0000026c   0000026c    r-- .intvecs
  0000026c    0000026c    0000084e   0000084e    r-x .text
  00000abc    00000abc    000000dc   000000dc    r-- .const
  00000b98    00000b98    00000014   00000014    r-- .cinit
20000000    20000000    00000084   00000000    rw-
  20000000    20000000    00000068   00000000    rw- .stack
  20000068    20000068    0000001c   00000000    rw- .bss


SECTION ALLOCATION MAP

 output                                  attributes/
section   page    origin      length       input sections
--------  ----  ----------  ----------   ----------------
.intvecs   0    00000000    0000026c     
                  00000000    0000026c     tm4c123gh6pm_startup_ccs.obj (.intvecs)

.text      0    0000026c    0000084e     
                  0000026c    0000018c     task02.obj (.text)
                  000003f8    00000132     driverlib.lib : gpio.obj (.text:GPIOPadConfigSet)
                  0000052a    00000002     --HOLE-- [fill = 0]
                  0000052c    00000110                   : sysctl.obj (.text:SysCtlClockGet)
                  0000063c    000000f4                   : sysctl.obj (.text:SysCtlClockSet)
                  00000730    0000007a                   : adc.obj (.text:ADCSequenceStepConfigure)
                  000007aa    00000002     --HOLE-- [fill = 0]
                  000007ac    00000068                   : interrupt.obj (.text:IntEnable)
                  00000814    00000060                   : timer.obj (.text:TimerConfigure)
                  00000874    00000050                   : adc.obj (.text:ADCSequenceConfigure)
                  000008c4    00000044     rtsv7M4_T_le_v4SPD16_eabi.lib : autoinit.c.obj (.text:__TI_auto_init_nobinit_nopinit:__TI_auto_init_nobinit_nopinit)
                  00000908    00000038                                   : boot_cortex_m.c.obj (.text:_c_int00_noargs:_c_int00_noargs)
                  00000940    00000034     driverlib.lib : sysctl.obj (.text:SysCtlPeripheralEnable)
                  00000974    0000002e                   : adc.obj (.text:ADCIntStatus)
                  000009a2    0000002a                   : gpio.obj (.text:GPIODirModeSet)
                  000009cc    0000001e                   : adc.obj (.text:ADCSequenceDataGet)
                  000009ea    00000018                   : adc.obj (.text:ADCProcessorTrigger)
                  00000a02    00000018                   : gpio.obj (.text:GPIOPinTypeGPIOOutput)
                  00000a1a    00000012                   : timer.obj (.text:TimerLoadSet)
                  00000a2c    00000012     rtsv7M4_T_le_v4SPD16_eabi.lib : copy_zero_init.c.obj (.text:decompress:ZI:__TI_zero_init_nomemset:__TI_zero_init_nomemset)
                  00000a3e    00000010     driverlib.lib : interrupt.obj (.text:IntMasterEnable)
                  00000a4e    0000000e                   : adc.obj (.text:ADCHardwareOversampleConfigure)
                  00000a5c    0000000e                   : adc.obj (.text:ADCSequenceEnable)
                  00000a6a    0000000e                   : timer.obj (.text:TimerEnable)
                  00000a78    0000000c                   : cpu.obj (.text:CPUcpsie)
                  00000a84    0000000c     tm4c123gh6pm_startup_ccs.obj (.text)
                  00000a90    0000000a     driverlib.lib : adc.obj (.text:ADCIntClear)
                  00000a9a    00000008                   : timer.obj (.text:TimerIntEnable)
                  00000aa2    00000006                   : gpio.obj (.text:GPIOPinWrite)
                  00000aa8    00000006                   : sysctl.obj (.text:SysCtlDelay)
                  00000aae    00000004                   : timer.obj (.text:TimerIntClear)
                  00000ab2    00000004     rtsv7M4_T_le_v4SPD16_eabi.lib : pre_init.c.obj (.text:_system_pre_init)
                  00000ab6    00000004                                   : exit.c.obj (.text:abort:abort)

.const     0    00000abc    000000dc     
                  00000abc    00000070     driverlib.lib : interrupt.obj (.const)
                  00000b2c    0000006c                   : sysctl.obj (.const:g_pui32Xtals)

.cinit     0    00000b98    00000014     
                  00000b98    00000008     (.cinit..bss.load) [load image, compression = zero_init]
                  00000ba0    00000004     (__TI_handler_table)
                  00000ba4    00000008     (__TI_cinit_table)

.init_array 
*          0    00000000    00000000     UNINITIALIZED

.bss       0    20000068    0000001c     UNINITIALIZED
                  20000068    00000010     (.common:ui32ADC0Value)
                  20000078    00000004     (.common:ui32TempAvg)
                  2000007c    00000004     (.common:ui32TempValueC)
                  20000080    00000004     (.common:ui32TempValueF)

.stack     0    20000000    00000068     UNINITIALIZED
                  20000000    00000004     rtsv7M4_T_le_v4SPD16_eabi.lib : boot_cortex_m.c.obj (.stack)
                  20000004    00000064     --HOLE--

MODULE SUMMARY

       Module                         code   ro data   rw data
       ------                         ----   -------   -------
    .\
       tm4c123gh6pm_startup_ccs.obj   12     620       0      
       task02.obj                     396    0         28     
    +--+------------------------------+------+---------+---------+
       Total:                         408    620       28     
                                                              
    C:/ti/tivaware_c_series_2_1_4_178/driverlib/ccs/Debug/driverlib.lib
       sysctl.obj                     574    108       0      
       gpio.obj                       378    0         0      
       adc.obj                        340    0         0      
       interrupt.obj                  120    112       0      
       timer.obj                      140    0         0      
       cpu.obj                        12     0         0      
    +--+------------------------------+------+---------+---------+
       Total:                         1564   220       0      
                                                              
    C:\ti\ccsv8\tools\compiler\ti-cgt-arm_18.1.1.LTS\lib\rtsv7M4_T_le_v4SPD16_eabi.lib
       autoinit.c.obj                 68     0         0      
       boot_cortex_m.c.obj            56     0         0      
       copy_zero_init.c.obj           18     0         0      
       exit.c.obj                     4      0         0      
       pre_init.c.obj                 4      0         0      
    +--+------------------------------+------+---------+---------+
       Total:                         150    0         0      
                                                              
       Stack:                         0      0         104    
       Linker Generated:              0      20        0      
    +--+------------------------------+------+---------+---------+
       Grand Total:                   2122   860       132    


LINKER GENERATED COPY TABLES

__TI_cinit_table @ 00000ba4 records: 1, size/record: 8, table size: 8
	.bss: load addr=00000b98, load size=00000008 bytes, run addr=20000068, run size=0000001c bytes, compression=zero_init


LINKER GENERATED HANDLER TABLE

__TI_handler_table @ 00000ba0 records: 1, size/record: 4, table size: 4
	index: 0, handler: __TI_zero_init


GLOBAL SYMBOLS: SORTED ALPHABETICALLY BY Name 

address   name                          
-------   ----                          
00000a4f  ADCHardwareOversampleConfigure
00000a91  ADCIntClear                   
00000975  ADCIntStatus                  
000009eb  ADCProcessorTrigger           
00000875  ADCSequenceConfigure          
000009cd  ADCSequenceDataGet            
00000a5d  ADCSequenceEnable             
00000731  ADCSequenceStepConfigure      
00000ab7  C$$EXIT                       
00000a79  CPUcpsie                      
000009a3  GPIODirModeSet                
000003f9  GPIOPadConfigSet              
00000a03  GPIOPinTypeGPIOOutput         
00000aa3  GPIOPinWrite                  
000007ad  IntEnable                     
00000a3f  IntMasterEnable               
00000a85  ResetISR                      
0000052d  SysCtlClockGet                
0000063d  SysCtlClockSet                
00000aa9  SysCtlDelay                   
00000941  SysCtlPeripheralEnable        
0000031f  Timer1IntHandler              
00000815  TimerConfigure                
00000a6b  TimerEnable                   
00000aaf  TimerIntClear                 
00000a9b  TimerIntEnable                
00000a1b  TimerLoadSet                  
20000068  __STACK_END                   
00000068  __STACK_SIZE                  
20000200  __STACK_TOP                   
00000ba4  __TI_CINIT_Base               
00000bac  __TI_CINIT_Limit              
00000ba0  __TI_Handler_Table_Base       
00000ba4  __TI_Handler_Table_Limit      
000008c5  __TI_auto_init_nobinit_nopinit
ffffffff  __TI_pprof_out_hndl           
ffffffff  __TI_prof_data_size           
ffffffff  __TI_prof_data_start          
00000000  __TI_static_base__            
00000a2d  __TI_zero_init_nomemset       
ffffffff  __binit__                     
ffffffff  __c_args__                    
UNDEFED   __mpu_init                    
20000000  __stack                       
00000909  _c_int00_noargs               
UNDEFED   _system_post_cinit            
00000ab3  _system_pre_init              
00000ab7  abort                         
ffffffff  binit                         
00000000  g_pfnVectors                  
00000279  main                          
20000068  ui32ADC0Value                 
20000078  ui32TempAvg                   
2000007c  ui32TempValueC                
20000080  ui32TempValueF                
0000026d  void__error__                 


GLOBAL SYMBOLS: SORTED BY Symbol Address 

address   name                          
-------   ----                          
00000000  __TI_static_base__            
00000000  g_pfnVectors                  
00000068  __STACK_SIZE                  
0000026d  void__error__                 
00000279  main                          
0000031f  Timer1IntHandler              
000003f9  GPIOPadConfigSet              
0000052d  SysCtlClockGet                
0000063d  SysCtlClockSet                
00000731  ADCSequenceStepConfigure      
000007ad  IntEnable                     
00000815  TimerConfigure                
00000875  ADCSequenceConfigure          
000008c5  __TI_auto_init_nobinit_nopinit
00000909  _c_int00_noargs               
00000941  SysCtlPeripheralEnable        
00000975  ADCIntStatus                  
000009a3  GPIODirModeSet                
000009cd  ADCSequenceDataGet            
000009eb  ADCProcessorTrigger           
00000a03  GPIOPinTypeGPIOOutput         
00000a1b  TimerLoadSet                  
00000a2d  __TI_zero_init_nomemset       
00000a3f  IntMasterEnable               
00000a4f  ADCHardwareOversampleConfigure
00000a5d  ADCSequenceEnable             
00000a6b  TimerEnable                   
00000a79  CPUcpsie                      
00000a85  ResetISR                      
00000a91  ADCIntClear                   
00000a9b  TimerIntEnable                
00000aa3  GPIOPinWrite                  
00000aa9  SysCtlDelay                   
00000aaf  TimerIntClear                 
00000ab3  _system_pre_init              
00000ab7  C$$EXIT                       
00000ab7  abort                         
00000ba0  __TI_Handler_Table_Base       
00000ba4  __TI_CINIT_Base               
00000ba4  __TI_Handler_Table_Limit      
00000bac  __TI_CINIT_Limit              
20000000  __stack                       
20000068  __STACK_END                   
20000068  ui32ADC0Value                 
20000078  ui32TempAvg                   
2000007c  ui32TempValueC                
20000080  ui32TempValueF                
20000200  __STACK_TOP                   
ffffffff  __TI_pprof_out_hndl           
ffffffff  __TI_prof_data_size           
ffffffff  __TI_prof_data_start          
ffffffff  __binit__                     
ffffffff  __c_args__                    
ffffffff  binit                         
UNDEFED   __mpu_init                    
UNDEFED   _system_post_cinit            

[56 symbols]
