******************************************************************************
                  TI ARM Linker PC v18.1.1                     
******************************************************************************
>> Linked Sun Nov 11 11:49:06 2018

OUTPUT FILE NAME:   <TivaCMidterm.out>
ENTRY POINT SYMBOL: "_c_int00_noargs"  address: 00001145


MEMORY CONFIGURATION

         name            origin    length      used     unused   attr    fill
----------------------  --------  ---------  --------  --------  ----  --------
  FLASH                 00000000   00040000  000014dc  0003eb24  R  X
  SRAM                  20000000   00008000  00000205  00007dfb  RW X


SEGMENT ALLOCATION MAP

run origin  load origin   length   init length attrs members
----------  ----------- ---------- ----------- ----- -------
00000000    00000000    000014e0   000014e0    r-x
  00000000    00000000    0000026c   0000026c    r-- .intvecs
  0000026c    0000026c    00001144   00001144    r-x .text
  000013b0    000013b0    00000114   00000114    r-- .const
  000014c8    000014c8    00000018   00000018    r-- .cinit
20000000    20000000    00000205   00000000    rw-
  20000000    20000000    00000200   00000000    rw- .stack
  20000200    20000200    00000005   00000000    rw- .data


SECTION ALLOCATION MAP

 output                                  attributes/
section   page    origin      length       input sections
--------  ----  ----------  ----------   ----------------
.intvecs   0    00000000    0000026c     
                  00000000    0000026c     startup_ccs.obj (.intvecs)

.text      0    0000026c    00001144     
                  0000026c    00000251     ustdlib.obj (.text:uvsnprintf)
                  000004bd    00000001     --HOLE-- [fill = 0]
                  000004be    00000002     startup_ccs.obj (.text:FaultISR)
                  000004c0    000001ea     uartstdio.obj (.text:UARTvprintf)
                  000006aa    00000002     startup_ccs.obj (.text:IntDefaultHandler)
                  000006ac    000001a4     TivaCMidterm.obj (.text:main)
                  00000850    00000132     driverlib.lib : gpio.obj (.text:GPIOPadConfigSet)
                  00000982    00000002     startup_ccs.obj (.text:NmiSR)
                  00000984    00000110     driverlib.lib : sysctl.obj (.text:SysCtlClockGet)
                  00000a94    000000f4                   : sysctl.obj (.text:SysCtlClockSet)
                  00000b88    000000f0     TivaCMidterm.obj (.text:I2C0_Write)
                  00000c78    0000009c     rtsv7M4_T_le_v4SPD16_eabi.lib : memcpy_t2.asm.obj (.text)
                  00000d14    0000007c     TivaCMidterm.obj (.text:GetLuminosity)
                  00000d90    00000074     TivaCMidterm.obj (.text:I2C0_Read)
                  00000e04    00000068     rtsv7M4_T_le_v4SPD16_eabi.lib : copy_decompress_lzss.c.obj (.text:decompress:lzss:__TI_decompress_lzss)
                  00000e6c    00000064     driverlib.lib : hibernate.obj (.text:HibernateWakeSet)
                  00000ed0    00000060     TivaCMidterm.obj (.text:I2C0_Init)
                  00000f30    00000060     uartstdio.obj (.text:UARTStdioConfig)
                  00000f90    00000054     TivaCMidterm.obj (.text:ConfigureUART)
                  00000fe4    0000004c     driverlib.lib : i2c.obj (.text:I2CMasterInitExpClk)
                  00001030    00000048                   : gpio.obj (.text:GPIOPinConfigure)
                  00001078    00000048     uartstdio.obj (.text:UARTwrite)
                  000010c0    00000044     rtsv7M4_T_le_v4SPD16_eabi.lib : autoinit.c.obj (.text:__TI_auto_init_nobinit_nopinit:__TI_auto_init_nobinit_nopinit)
                  00001104    00000040                                   : u_divt2.asm.obj (.text)
                  00001144    00000038                                   : boot_cortex_m.c.obj (.text:_c_int00_noargs:_c_int00_noargs)
                  0000117c    00000034     driverlib.lib : sysctl.obj (.text:SysCtlPeripheralEnable)
                  000011b0    0000002c                   : hibernate.obj (.text:HibernateRTCSet)
                  000011dc    0000002a                   : gpio.obj (.text:GPIODirModeSet)
                  00001206    0000002a     TivaCMidterm.obj (.text:TSL2591_init)
                  00001230    0000002a     ustdlib.obj (.text:ustrncpy)
                  0000125a    00000020     ustdlib.obj (.text:usprintf)
                  0000127a    0000001a     uartstdio.obj (.text:UARTprintf)
                  00001294    00000018     driverlib.lib : hibernate.obj (.text:HibernateGPIORetentionEnable)
                  000012ac    00000014                   : hibernate.obj (.text:HibernateEnableExpClk)
                  000012c0    00000014                   : hibernate.obj (.text:HibernateRTCEnable)
                  000012d4    00000014                   : hibernate.obj (.text:HibernateRequest)
                  000012e8    00000014     rtsv7M4_T_le_v4SPD16_eabi.lib : strlen.c.obj (.text:strlen)
                  000012fc    00000012     driverlib.lib : gpio.obj (.text:GPIOPinTypeI2C)
                  0000130e    00000012                   : gpio.obj (.text:GPIOPinTypeI2CSCL)
                  00001320    00000012                   : gpio.obj (.text:GPIOPinTypeUART)
                  00001332    00000002     rtsv7M4_T_le_v4SPD16_eabi.lib : div0.asm.obj (.text)
                  00001334    00000010     driverlib.lib : hibernate.obj (.text:HibernateRTCMatchSet)
                  00001344    00000010                   : hibernate.obj (.text:_HibernateWriteComplete)
                  00001354    0000000e     rtsv7M4_T_le_v4SPD16_eabi.lib : copy_decompress_none.c.obj (.text:decompress:none:__TI_decompress_none)
                  00001362    00000002     --HOLE-- [fill = 0]
                  00001364    0000000c     driverlib.lib : hibernate.obj (.text:HibernateRTCGet)
                  00001370    0000000a                   : i2c.obj (.text:I2CMasterEnable)
                  0000137a    00000008                   : i2c.obj (.text:I2CMasterBusy)
                  00001382    00000008                   : i2c.obj (.text:I2CMasterSlaveAddrSet)
                  0000138a    00000006     startup_ccs.obj (.text:ResetISR)
                  00001390    00000006     driverlib.lib : sysctl.obj (.text:SysCtlDelay)
                  00001396    00000006                   : uart.obj (.text:UARTClockSourceSet)
                  0000139c    00000004                   : i2c.obj (.text:I2CMasterControl)
                  000013a0    00000004                   : i2c.obj (.text:I2CMasterDataGet)
                  000013a4    00000004                   : i2c.obj (.text:I2CMasterDataPut)
                  000013a8    00000004     rtsv7M4_T_le_v4SPD16_eabi.lib : pre_init.c.obj (.text:_system_pre_init)
                  000013ac    00000004                                   : exit.c.obj (.text:abort:abort)

.const     0    000013b0    00000114     
                  000013b0    00000090     driverlib.lib : gpio.obj (.const:g_pui32GPIOBaseAddrs)
                  00001440    0000006c                   : sysctl.obj (.const:g_pui32Xtals)
                  000014ac    0000000c     uartstdio.obj (.const:g_ui32UARTBase)
                  000014b8    0000000c     uartstdio.obj (.const:g_ui32UARTPeriph)

.cinit     0    000014c8    00000018     
                  000014c8    00000008     (__TI_handler_table)
                  000014d0    00000007     (.cinit..data.load) [load image, compression = lzss]
                  000014d7    00000001     --HOLE-- [fill = 0]
                  000014d8    00000008     (__TI_cinit_table)

.init_array 
*          0    00000000    00000000     UNINITIALIZED

.data      0    20000200    00000005     UNINITIALIZED
                  20000200    00000005     uartstdio.obj (.data)

.stack     0    20000000    00000200     UNINITIALIZED
                  20000000    00000004     rtsv7M4_T_le_v4SPD16_eabi.lib : boot_cortex_m.c.obj (.stack)
                  20000004    000001fc     --HOLE--

MODULE SUMMARY

       Module                       code   ro data   rw data
       ------                       ----   -------   -------
    .\
       TivaCMidterm.obj             1122   0         0      
       startup_ccs.obj              12     620       0      
    +--+----------------------------+------+---------+---------+
       Total:                       1134   620       0      
                                                            
    .\utils\
       uartstdio.obj                684    24        5      
       ustdlib.obj                  667    0         0      
    +--+----------------------------+------+---------+---------+
       Total:                       1351   24        5      
                                                            
    C:/ti/tivaware_c_series_2_1_4_178/driverlib/ccs/Debug/driverlib.lib
       sysctl.obj                   574    108       0      
       gpio.obj                     474    144       0      
       hibernate.obj                272    0         0      
       i2c.obj                      114    0         0      
       uart.obj                     6      0         0      
    +--+----------------------------+------+---------+---------+
       Total:                       1440   252       0      
                                                            
    C:\ti\ccsv8\tools\compiler\ti-cgt-arm_18.1.1.LTS\lib\rtsv7M4_T_le_v4SPD16_eabi.lib
       memcpy_t2.asm.obj            156    0         0      
       copy_decompress_lzss.c.obj   104    0         0      
       autoinit.c.obj               68     0         0      
       u_divt2.asm.obj              64     0         0      
       boot_cortex_m.c.obj          56     0         0      
       strlen.c.obj                 20     0         0      
       copy_decompress_none.c.obj   14     0         0      
       exit.c.obj                   4      0         0      
       pre_init.c.obj               4      0         0      
       div0.asm.obj                 2      0         0      
    +--+----------------------------+------+---------+---------+
       Total:                       492    0         0      
                                                            
       Stack:                       0      0         512    
       Linker Generated:            0      23        0      
    +--+----------------------------+------+---------+---------+
       Grand Total:                 4417   919       517    


LINKER GENERATED COPY TABLES

__TI_cinit_table @ 000014d8 records: 1, size/record: 8, table size: 8
	.data: load addr=000014d0, load size=00000007 bytes, run addr=20000200, run size=00000005 bytes, compression=lzss


LINKER GENERATED HANDLER TABLE

__TI_handler_table @ 000014c8 records: 2, size/record: 4, table size: 8
	index: 0, handler: __TI_decompress_lzss
	index: 1, handler: __TI_decompress_none


GLOBAL SYMBOLS: SORTED ALPHABETICALLY BY Name 

address   name                          
-------   ----                          
000013ad  C$$EXIT                       
00000f91  ConfigureUART                 
000011dd  GPIODirModeSet                
00000851  GPIOPadConfigSet              
00001031  GPIOPinConfigure              
000012fd  GPIOPinTypeI2C                
0000130f  GPIOPinTypeI2CSCL             
00001321  GPIOPinTypeUART               
00000d15  GetLuminosity                 
000012ad  HibernateEnableExpClk         
00001295  HibernateGPIORetentionEnable  
000012c1  HibernateRTCEnable            
00001365  HibernateRTCGet               
00001335  HibernateRTCMatchSet          
000011b1  HibernateRTCSet               
000012d5  HibernateRequest              
00000e6d  HibernateWakeSet              
00000ed1  I2C0_Init                     
00000d91  I2C0_Read                     
00000b89  I2C0_Write                    
0000137b  I2CMasterBusy                 
0000139d  I2CMasterControl              
000013a1  I2CMasterDataGet              
000013a5  I2CMasterDataPut              
00001371  I2CMasterEnable               
00000fe5  I2CMasterInitExpClk           
00001383  I2CMasterSlaveAddrSet         
0000138b  ResetISR                      
00000985  SysCtlClockGet                
00000a95  SysCtlClockSet                
00001391  SysCtlDelay                   
0000117d  SysCtlPeripheralEnable        
00001207  TSL2591_init                  
00001397  UARTClockSourceSet            
00000f31  UARTStdioConfig               
0000127b  UARTprintf                    
000004c1  UARTvprintf                   
00001079  UARTwrite                     
20000200  __STACK_END                   
00000200  __STACK_SIZE                  
20000200  __STACK_TOP                   
000014d8  __TI_CINIT_Base               
000014e0  __TI_CINIT_Limit              
000014c8  __TI_Handler_Table_Base       
000014d0  __TI_Handler_Table_Limit      
000010c1  __TI_auto_init_nobinit_nopinit
00000e05  __TI_decompress_lzss          
00001355  __TI_decompress_none          
ffffffff  __TI_pprof_out_hndl           
ffffffff  __TI_prof_data_size           
ffffffff  __TI_prof_data_start          
00000000  __TI_static_base__            
00001333  __aeabi_idiv0                 
00001333  __aeabi_ldiv0                 
00000c79  __aeabi_memcpy                
00000c79  __aeabi_memcpy4               
00000c79  __aeabi_memcpy8               
00001105  __aeabi_uidiv                 
00001105  __aeabi_uidivmod              
ffffffff  __binit__                     
ffffffff  __c_args__                    
UNDEFED   __mpu_init                    
20000000  __stack                       
00001145  _c_int00_noargs               
UNDEFED   _system_post_cinit            
000013a9  _system_pre_init              
000013ad  abort                         
ffffffff  binit                         
00000000  g_pfnVectors                  
000006ad  main                          
00000c79  memcpy                        
000012e9  strlen                        
0000125b  usprintf                      
00001231  ustrncpy                      
0000026d  uvsnprintf                    


GLOBAL SYMBOLS: SORTED BY Symbol Address 

address   name                          
-------   ----                          
00000000  __TI_static_base__            
00000000  g_pfnVectors                  
00000200  __STACK_SIZE                  
0000026d  uvsnprintf                    
000004c1  UARTvprintf                   
000006ad  main                          
00000851  GPIOPadConfigSet              
00000985  SysCtlClockGet                
00000a95  SysCtlClockSet                
00000b89  I2C0_Write                    
00000c79  __aeabi_memcpy                
00000c79  __aeabi_memcpy4               
00000c79  __aeabi_memcpy8               
00000c79  memcpy                        
00000d15  GetLuminosity                 
00000d91  I2C0_Read                     
00000e05  __TI_decompress_lzss          
00000e6d  HibernateWakeSet              
00000ed1  I2C0_Init                     
00000f31  UARTStdioConfig               
00000f91  ConfigureUART                 
00000fe5  I2CMasterInitExpClk           
00001031  GPIOPinConfigure              
00001079  UARTwrite                     
000010c1  __TI_auto_init_nobinit_nopinit
00001105  __aeabi_uidiv                 
00001105  __aeabi_uidivmod              
00001145  _c_int00_noargs               
0000117d  SysCtlPeripheralEnable        
000011b1  HibernateRTCSet               
000011dd  GPIODirModeSet                
00001207  TSL2591_init                  
00001231  ustrncpy                      
0000125b  usprintf                      
0000127b  UARTprintf                    
00001295  HibernateGPIORetentionEnable  
000012ad  HibernateEnableExpClk         
000012c1  HibernateRTCEnable            
000012d5  HibernateRequest              
000012e9  strlen                        
000012fd  GPIOPinTypeI2C                
0000130f  GPIOPinTypeI2CSCL             
00001321  GPIOPinTypeUART               
00001333  __aeabi_idiv0                 
00001333  __aeabi_ldiv0                 
00001335  HibernateRTCMatchSet          
00001355  __TI_decompress_none          
00001365  HibernateRTCGet               
00001371  I2CMasterEnable               
0000137b  I2CMasterBusy                 
00001383  I2CMasterSlaveAddrSet         
0000138b  ResetISR                      
00001391  SysCtlDelay                   
00001397  UARTClockSourceSet            
0000139d  I2CMasterControl              
000013a1  I2CMasterDataGet              
000013a5  I2CMasterDataPut              
000013a9  _system_pre_init              
000013ad  C$$EXIT                       
000013ad  abort                         
000014c8  __TI_Handler_Table_Base       
000014d0  __TI_Handler_Table_Limit      
000014d8  __TI_CINIT_Base               
000014e0  __TI_CINIT_Limit              
20000000  __stack                       
20000200  __STACK_END                   
20000200  __STACK_TOP                   
ffffffff  __TI_pprof_out_hndl           
ffffffff  __TI_prof_data_size           
ffffffff  __TI_prof_data_start          
ffffffff  __binit__                     
ffffffff  __c_args__                    
ffffffff  binit                         
UNDEFED   __mpu_init                    
UNDEFED   _system_post_cinit            

[75 symbols]
