******************************************************************************
                  TI ARM Linker PC v18.1.1                     
******************************************************************************
>> Linked Sun Oct 14 19:11:23 2018

OUTPUT FILE NAME:   <lab15.out>
ENTRY POINT SYMBOL: "_c_int00_noinit_noargs"  address: 0000064d


MEMORY CONFIGURATION

         name            origin    length      used     unused   attr    fill
----------------------  --------  ---------  --------  --------  ----  --------
  FLASH                 00000000   00040000  000007e6  0003f81a  R  X
  SRAM                  20000000   00008000  00000068  00007f98  RW X


SEGMENT ALLOCATION MAP

run origin  load origin   length   init length attrs members
----------  ----------- ---------- ----------- ----- -------
00000000    00000000    000007e8   000007e8    r-x
  00000000    00000000    0000026c   0000026c    r-- .intvecs
  0000026c    0000026c    000004ea   000004ea    r-x .text
  00000758    00000758    00000090   00000090    r-- .const
20000000    20000000    00000068   00000000    rw-
  20000000    20000000    00000068   00000000    rw- .stack


SECTION ALLOCATION MAP

 output                                  attributes/
section   page    origin      length       input sections
--------  ----  ----------  ----------   ----------------
.intvecs   0    00000000    0000026c     
                  00000000    0000026c     tm4c123gh6pm_startup_ccs.obj (.intvecs)

.text      0    0000026c    000004ea     
                  0000026c    0000013c     task03.obj (.text)
                  000003a8    00000132     driverlib.lib : gpio.obj (.text:GPIOPadConfigSet)
                  000004da    00000002     --HOLE-- [fill = 0]
                  000004dc    000000f4                   : sysctl.obj (.text:SysCtlClockSet)
                  000005d0    00000048                   : gpio.obj (.text:GPIOPinConfigure)
                  00000618    00000034                   : sysctl.obj (.text:SysCtlPeripheralEnable)
                  0000064c    00000030     rtsv7M4_T_le_v4SPD16_eabi.lib : boot_cortex_m.c.obj (.text:_c_int00_noinit_noargs:_c_int00_noinit_noargs)
                  0000067c    0000002a     driverlib.lib : gpio.obj (.text:GPIODirModeSet)
                  000006a6    00000022                   : pwm.obj (.text:PWMGenConfigure)
                  000006c8    0000001e                   : pwm.obj (.text:PWMPulseWidthSet)
                  000006e6    00000002     --HOLE-- [fill = 0]
                  000006e8    00000014                   : sysctl.obj (.text:SysCtlPWMClockSet)
                  000006fc    00000012                   : gpio.obj (.text:GPIOPinTypePWM)
                  0000070e    00000012                   : pwm.obj (.text:PWMOutputState)
                  00000720    00000010                   : pwm.obj (.text:PWMGenPeriodSet)
                  00000730    0000000c                   : pwm.obj (.text:PWMGenEnable)
                  0000073c    0000000c     tm4c123gh6pm_startup_ccs.obj (.text)
                  00000748    00000006     driverlib.lib : sysctl.obj (.text:SysCtlDelay)
                  0000074e    00000004     rtsv7M4_T_le_v4SPD16_eabi.lib : pre_init.c.obj (.text:_system_pre_init)
                  00000752    00000004                                   : exit.c.obj (.text:abort:abort)

.const     0    00000758    00000090     
                  00000758    00000090     driverlib.lib : gpio.obj (.const:g_pui32GPIOBaseAddrs)

.cinit     0    00000000    00000000     UNINITIALIZED

.init_array 
*          0    00000000    00000000     UNINITIALIZED

.stack     0    20000000    00000068     UNINITIALIZED
                  20000000    00000004     rtsv7M4_T_le_v4SPD16_eabi.lib : boot_cortex_m.c.obj (.stack)
                  20000004    00000064     --HOLE--

MODULE SUMMARY

       Module                         code   ro data   rw data
       ------                         ----   -------   -------
    .\
       tm4c123gh6pm_startup_ccs.obj   12     620       0      
       task03.obj                     316    0         0      
    +--+------------------------------+------+---------+---------+
       Total:                         328    620       0      
                                                              
    C:/ti/tivaware_c_series_2_1_4_178/driverlib/ccs/Debug/driverlib.lib
       gpio.obj                       438    144       0      
       sysctl.obj                     322    0         0      
       pwm.obj                        110    0         0      
    +--+------------------------------+------+---------+---------+
       Total:                         870    144       0      
                                                              
    C:\ti\ccsv8\tools\compiler\ti-cgt-arm_18.1.1.LTS\lib\rtsv7M4_T_le_v4SPD16_eabi.lib
       boot_cortex_m.c.obj            48     0         0      
       exit.c.obj                     4      0         0      
       pre_init.c.obj                 4      0         0      
    +--+------------------------------+------+---------+---------+
       Total:                         56     0         0      
                                                              
       Stack:                         0      0         104    
    +--+------------------------------+------+---------+---------+
       Grand Total:                   1254   764       104    


GLOBAL SYMBOLS: SORTED ALPHABETICALLY BY Name 

address   name                  
-------   ----                  
00000753  C$$EXIT               
0000067d  GPIODirModeSet        
000003a9  GPIOPadConfigSet      
000005d1  GPIOPinConfigure      
000006fd  GPIOPinTypePWM        
000006a7  PWMGenConfigure       
00000731  PWMGenEnable          
00000721  PWMGenPeriodSet       
0000070f  PWMOutputState        
000006c9  PWMPulseWidthSet      
0000073d  ResetISR              
000004dd  SysCtlClockSet        
00000749  SysCtlDelay           
000006e9  SysCtlPWMClockSet     
00000619  SysCtlPeripheralEnable
20000068  __STACK_END           
00000068  __STACK_SIZE          
20000200  __STACK_TOP           
ffffffff  __TI_pprof_out_hndl   
ffffffff  __TI_prof_data_size   
ffffffff  __TI_prof_data_start  
00000000  __TI_static_base__    
ffffffff  __binit__             
ffffffff  __c_args__            
UNDEFED   __mpu_init            
20000000  __stack               
0000064d  _c_int00_noinit_noargs
0000074f  _system_pre_init      
00000753  abort                 
ffffffff  binit                 
00000000  g_pfnVectors          
0000026d  main                  


GLOBAL SYMBOLS: SORTED BY Symbol Address 

address   name                  
-------   ----                  
00000000  __TI_static_base__    
00000000  g_pfnVectors          
00000068  __STACK_SIZE          
0000026d  main                  
000003a9  GPIOPadConfigSet      
000004dd  SysCtlClockSet        
000005d1  GPIOPinConfigure      
00000619  SysCtlPeripheralEnable
0000064d  _c_int00_noinit_noargs
0000067d  GPIODirModeSet        
000006a7  PWMGenConfigure       
000006c9  PWMPulseWidthSet      
000006e9  SysCtlPWMClockSet     
000006fd  GPIOPinTypePWM        
0000070f  PWMOutputState        
00000721  PWMGenPeriodSet       
00000731  PWMGenEnable          
0000073d  ResetISR              
00000749  SysCtlDelay           
0000074f  _system_pre_init      
00000753  C$$EXIT               
00000753  abort                 
20000000  __stack               
20000068  __STACK_END           
20000200  __STACK_TOP           
ffffffff  __TI_pprof_out_hndl   
ffffffff  __TI_prof_data_size   
ffffffff  __TI_prof_data_start  
ffffffff  __binit__             
ffffffff  __c_args__            
ffffffff  binit                 
UNDEFED   __mpu_init            

[32 symbols]
